// Jest Snapshot v1, https://goo.gl/fbAQLP

exports[`Input Component without props should match snapshot 1`] = `
<input
  className="input-field"
  name="search"
  placeholder="Input search query"
/>
`;
